Archive member included because of file (symbol)

f:/embeded systems/the programming/embedded/00-tools/03-imt sdk/imt_sdk_win_64/winavr/bin/../lib/gcc/avr/4.3.3/avr5\libgcc.a(_exit.o)
                              f:/embeded systems/the programming/embedded/00-tools/03-imt sdk/imt_sdk_win_64/winavr/bin/../lib/gcc/avr/4.3.3/../../../../avr/lib/avr5/crtm16.o (exit)
f:/embeded systems/the programming/embedded/00-tools/03-imt sdk/imt_sdk_win_64/winavr/bin/../lib/gcc/avr/4.3.3/avr5\libgcc.a(_copy_data.o)
                              ./NRF_programe.o (__do_copy_data)
f:/embeded systems/the programming/embedded/00-tools/03-imt sdk/imt_sdk_win_64/winavr/bin/../lib/gcc/avr/4.3.3/avr5\libgcc.a(_clear_bss.o)
                              ./NRF_programe.o (__do_clear_bss)
f:/embeded systems/the programming/embedded/00-tools/03-imt sdk/imt_sdk_win_64/winavr/bin/../lib/gcc/avr/4.3.3/avr5\libgcc.a(_fixunssfsi.o)
                              ./CLCD_programe.o (__fixunssfsi)
f:/embeded systems/the programming/embedded/00-tools/03-imt sdk/imt_sdk_win_64/winavr/bin/../lib/gcc/avr/4.3.3/avr5\libgcc.a(_addsub_sf.o)
                              f:/embeded systems/the programming/embedded/00-tools/03-imt sdk/imt_sdk_win_64/winavr/bin/../lib/gcc/avr/4.3.3/avr5\libgcc.a(_fixunssfsi.o) (__subsf3)
f:/embeded systems/the programming/embedded/00-tools/03-imt sdk/imt_sdk_win_64/winavr/bin/../lib/gcc/avr/4.3.3/avr5\libgcc.a(_mul_sf.o)
                              ./CLCD_programe.o (__mulsf3)
f:/embeded systems/the programming/embedded/00-tools/03-imt sdk/imt_sdk_win_64/winavr/bin/../lib/gcc/avr/4.3.3/avr5\libgcc.a(_gt_sf.o)
                              ./CLCD_programe.o (__gtsf2)
f:/embeded systems/the programming/embedded/00-tools/03-imt sdk/imt_sdk_win_64/winavr/bin/../lib/gcc/avr/4.3.3/avr5\libgcc.a(_ge_sf.o)
                              f:/embeded systems/the programming/embedded/00-tools/03-imt sdk/imt_sdk_win_64/winavr/bin/../lib/gcc/avr/4.3.3/avr5\libgcc.a(_fixunssfsi.o) (__gesf2)
f:/embeded systems/the programming/embedded/00-tools/03-imt sdk/imt_sdk_win_64/winavr/bin/../lib/gcc/avr/4.3.3/avr5\libgcc.a(_lt_sf.o)
                              ./CLCD_programe.o (__ltsf2)
f:/embeded systems/the programming/embedded/00-tools/03-imt sdk/imt_sdk_win_64/winavr/bin/../lib/gcc/avr/4.3.3/avr5\libgcc.a(_sf_to_si.o)
                              f:/embeded systems/the programming/embedded/00-tools/03-imt sdk/imt_sdk_win_64/winavr/bin/../lib/gcc/avr/4.3.3/avr5\libgcc.a(_fixunssfsi.o) (__fixsfsi)
f:/embeded systems/the programming/embedded/00-tools/03-imt sdk/imt_sdk_win_64/winavr/bin/../lib/gcc/avr/4.3.3/avr5\libgcc.a(_thenan_sf.o)
                              f:/embeded systems/the programming/embedded/00-tools/03-imt sdk/imt_sdk_win_64/winavr/bin/../lib/gcc/avr/4.3.3/avr5\libgcc.a(_addsub_sf.o) (__thenan_sf)
f:/embeded systems/the programming/embedded/00-tools/03-imt sdk/imt_sdk_win_64/winavr/bin/../lib/gcc/avr/4.3.3/avr5\libgcc.a(_usi_to_sf.o)
                              ./NRF_programe.o (__floatunsisf)
f:/embeded systems/the programming/embedded/00-tools/03-imt sdk/imt_sdk_win_64/winavr/bin/../lib/gcc/avr/4.3.3/avr5\libgcc.a(_prologue.o)
                              f:/embeded systems/the programming/embedded/00-tools/03-imt sdk/imt_sdk_win_64/winavr/bin/../lib/gcc/avr/4.3.3/avr5\libgcc.a(_addsub_sf.o) (__prologue_saves__)
f:/embeded systems/the programming/embedded/00-tools/03-imt sdk/imt_sdk_win_64/winavr/bin/../lib/gcc/avr/4.3.3/avr5\libgcc.a(_epilogue.o)
                              f:/embeded systems/the programming/embedded/00-tools/03-imt sdk/imt_sdk_win_64/winavr/bin/../lib/gcc/avr/4.3.3/avr5\libgcc.a(_addsub_sf.o) (__epilogue_restores__)
f:/embeded systems/the programming/embedded/00-tools/03-imt sdk/imt_sdk_win_64/winavr/bin/../lib/gcc/avr/4.3.3/avr5\libgcc.a(_clzsi2.o)
                              f:/embeded systems/the programming/embedded/00-tools/03-imt sdk/imt_sdk_win_64/winavr/bin/../lib/gcc/avr/4.3.3/avr5\libgcc.a(_usi_to_sf.o) (__clzsi2)
f:/embeded systems/the programming/embedded/00-tools/03-imt sdk/imt_sdk_win_64/winavr/bin/../lib/gcc/avr/4.3.3/avr5\libgcc.a(_pack_sf.o)
                              f:/embeded systems/the programming/embedded/00-tools/03-imt sdk/imt_sdk_win_64/winavr/bin/../lib/gcc/avr/4.3.3/avr5\libgcc.a(_addsub_sf.o) (__pack_f)
f:/embeded systems/the programming/embedded/00-tools/03-imt sdk/imt_sdk_win_64/winavr/bin/../lib/gcc/avr/4.3.3/avr5\libgcc.a(_unpack_sf.o)
                              f:/embeded systems/the programming/embedded/00-tools/03-imt sdk/imt_sdk_win_64/winavr/bin/../lib/gcc/avr/4.3.3/avr5\libgcc.a(_addsub_sf.o) (__unpack_f)
f:/embeded systems/the programming/embedded/00-tools/03-imt sdk/imt_sdk_win_64/winavr/bin/../lib/gcc/avr/4.3.3/avr5\libgcc.a(_fpcmp_parts_sf.o)
                              f:/embeded systems/the programming/embedded/00-tools/03-imt sdk/imt_sdk_win_64/winavr/bin/../lib/gcc/avr/4.3.3/avr5\libgcc.a(_gt_sf.o) (__fpcmp_parts_f)
f:/embeded systems/the programming/embedded/00-tools/03-imt sdk/imt_sdk_win_64/winavr/bin/../lib/gcc/avr/4.3.3/avr5\libgcc.a(_clz.o)
                              f:/embeded systems/the programming/embedded/00-tools/03-imt sdk/imt_sdk_win_64/winavr/bin/../lib/gcc/avr/4.3.3/avr5\libgcc.a(_clzsi2.o) (__clz_tab)

Memory Configuration

Name             Origin             Length             Attributes
text             0x00000000         0x00020000         xr
data             0x00800060         0x0000ffa0         rw !x
eeprom           0x00810000         0x00010000         rw !x
fuse             0x00820000         0x00000400         rw !x
lock             0x00830000         0x00000400         rw !x
signature        0x00840000         0x00000400         rw !x
*default*        0x00000000         0xffffffff

Linker script and memory map

LOAD f:/embeded systems/the programming/embedded/00-tools/03-imt sdk/imt_sdk_win_64/winavr/bin/../lib/gcc/avr/4.3.3/../../../../avr/lib/avr5/crtm16.o
LOAD ./CLCD_programe.o
LOAD ./DIO_program.o
LOAD ./NRF_programe.o
LOAD ./PORT_Programe.o
LOAD ./SPI_programe.o
LOAD ./main.o
LOAD f:/embeded systems/the programming/embedded/00-tools/03-imt sdk/imt_sdk_win_64/winavr/bin/../lib/gcc/avr/4.3.3/avr5\libgcc.a
LOAD f:/embeded systems/the programming/embedded/00-tools/03-imt sdk/imt_sdk_win_64/winavr/bin/../lib/gcc/avr/4.3.3/../../../../avr/lib/avr5\libc.a
LOAD f:/embeded systems/the programming/embedded/00-tools/03-imt sdk/imt_sdk_win_64/winavr/bin/../lib/gcc/avr/4.3.3/avr5\libgcc.a

.hash
 *(.hash)

.dynsym
 *(.dynsym)

.dynstr
 *(.dynstr)

.gnu.version
 *(.gnu.version)

.gnu.version_d
 *(.gnu.version_d)

.gnu.version_r
 *(.gnu.version_r)

.rel.init
 *(.rel.init)

.rela.init
 *(.rela.init)

.rel.text
 *(.rel.text)
 *(.rel.text.*)
 *(.rel.gnu.linkonce.t*)

.rela.text
 *(.rela.text)
 *(.rela.text.*)
 *(.rela.gnu.linkonce.t*)

.rel.fini
 *(.rel.fini)

.rela.fini
 *(.rela.fini)

.rel.rodata
 *(.rel.rodata)
 *(.rel.rodata.*)
 *(.rel.gnu.linkonce.r*)

.rela.rodata
 *(.rela.rodata)
 *(.rela.rodata.*)
 *(.rela.gnu.linkonce.r*)

.rel.data
 *(.rel.data)
 *(.rel.data.*)
 *(.rel.gnu.linkonce.d*)

.rela.data
 *(.rela.data)
 *(.rela.data.*)
 *(.rela.gnu.linkonce.d*)

.rel.ctors
 *(.rel.ctors)

.rela.ctors
 *(.rela.ctors)

.rel.dtors
 *(.rel.dtors)

.rela.dtors
 *(.rela.dtors)

.rel.got
 *(.rel.got)

.rela.got
 *(.rela.got)

.rel.bss
 *(.rel.bss)

.rela.bss
 *(.rela.bss)

.rel.plt
 *(.rel.plt)

.rela.plt
 *(.rela.plt)

.text           0x00000000     0x2b92
 *(.vectors)
 .vectors       0x00000000       0x54 f:/embeded systems/the programming/embedded/00-tools/03-imt sdk/imt_sdk_win_64/winavr/bin/../lib/gcc/avr/4.3.3/../../../../avr/lib/avr5/crtm16.o
                0x00000000                __vectors
                0x00000000                __vector_default
 *(.vectors)
 *(.progmem.gcc*)
 *(.progmem*)
                0x00000054                . = ALIGN (0x2)
                0x00000054                __trampolines_start = .
 *(.trampolines)
 .trampolines   0x00000054        0x0 linker stubs
 *(.trampolines*)
                0x00000054                __trampolines_end = .
 *(.jumptables)
 *(.jumptables*)
 *(.lowtext)
 *(.lowtext*)
                0x00000054                __ctors_start = .
 *(.ctors)
                0x00000054                __ctors_end = .
                0x00000054                __dtors_start = .
 *(.dtors)
                0x00000054                __dtors_end = .
 SORT(*)(.ctors)
 SORT(*)(.dtors)
 *(.init0)
 .init0         0x00000054        0x0 f:/embeded systems/the programming/embedded/00-tools/03-imt sdk/imt_sdk_win_64/winavr/bin/../lib/gcc/avr/4.3.3/../../../../avr/lib/avr5/crtm16.o
                0x00000054                __init
 *(.init0)
 *(.init1)
 *(.init1)
 *(.init2)
 .init2         0x00000054        0xc f:/embeded systems/the programming/embedded/00-tools/03-imt sdk/imt_sdk_win_64/winavr/bin/../lib/gcc/avr/4.3.3/../../../../avr/lib/avr5/crtm16.o
 *(.init2)
 *(.init3)
 *(.init3)
 *(.init4)
 .init4         0x00000060       0x16 f:/embeded systems/the programming/embedded/00-tools/03-imt sdk/imt_sdk_win_64/winavr/bin/../lib/gcc/avr/4.3.3/avr5\libgcc.a(_copy_data.o)
                0x00000060                __do_copy_data
 .init4         0x00000076       0x10 f:/embeded systems/the programming/embedded/00-tools/03-imt sdk/imt_sdk_win_64/winavr/bin/../lib/gcc/avr/4.3.3/avr5\libgcc.a(_clear_bss.o)
                0x00000076                __do_clear_bss
 *(.init4)
 *(.init5)
 *(.init5)
 *(.init6)
 *(.init6)
 *(.init7)
 *(.init7)
 *(.init8)
 *(.init8)
 *(.init9)
 .init9         0x00000086        0x8 f:/embeded systems/the programming/embedded/00-tools/03-imt sdk/imt_sdk_win_64/winavr/bin/../lib/gcc/avr/4.3.3/../../../../avr/lib/avr5/crtm16.o
 *(.init9)
 *(.text)
 .text          0x0000008e        0x4 f:/embeded systems/the programming/embedded/00-tools/03-imt sdk/imt_sdk_win_64/winavr/bin/../lib/gcc/avr/4.3.3/../../../../avr/lib/avr5/crtm16.o
                0x0000008e                __vector_1
                0x0000008e                __vector_12
                0x0000008e                __bad_interrupt
                0x0000008e                __vector_6
                0x0000008e                __vector_3
                0x0000008e                __vector_11
                0x0000008e                __vector_13
                0x0000008e                __vector_17
                0x0000008e                __vector_19
                0x0000008e                __vector_7
                0x0000008e                __vector_5
                0x0000008e                __vector_4
                0x0000008e                __vector_9
                0x0000008e                __vector_2
                0x0000008e                __vector_15
                0x0000008e                __vector_8
                0x0000008e                __vector_14
                0x0000008e                __vector_10
                0x0000008e                __vector_16
                0x0000008e                __vector_18
                0x0000008e                __vector_20
 .text          0x00000092        0x0 ./CLCD_programe.o
 .text          0x00000092        0x0 ./DIO_program.o
 .text          0x00000092        0x0 ./NRF_programe.o
 .text          0x00000092        0x0 ./PORT_Programe.o
 .text          0x00000092        0x0 ./SPI_programe.o
 .text          0x00000092        0x0 ./main.o
 .text          0x00000092        0x0 f:/embeded systems/the programming/embedded/00-tools/03-imt sdk/imt_sdk_win_64/winavr/bin/../lib/gcc/avr/4.3.3/avr5\libgcc.a(_exit.o)
 .text          0x00000092        0x0 f:/embeded systems/the programming/embedded/00-tools/03-imt sdk/imt_sdk_win_64/winavr/bin/../lib/gcc/avr/4.3.3/avr5\libgcc.a(_copy_data.o)
 .text          0x00000092        0x0 f:/embeded systems/the programming/embedded/00-tools/03-imt sdk/imt_sdk_win_64/winavr/bin/../lib/gcc/avr/4.3.3/avr5\libgcc.a(_clear_bss.o)
 .text          0x00000092       0x58 f:/embeded systems/the programming/embedded/00-tools/03-imt sdk/imt_sdk_win_64/winavr/bin/../lib/gcc/avr/4.3.3/avr5\libgcc.a(_fixunssfsi.o)
                0x00000092                __fixunssfsi
 .text          0x000000ea      0x354 f:/embeded systems/the programming/embedded/00-tools/03-imt sdk/imt_sdk_win_64/winavr/bin/../lib/gcc/avr/4.3.3/avr5\libgcc.a(_addsub_sf.o)
                0x00000382                __subsf3
                0x000003e4                __addsf3
 .text          0x0000043e      0x1f4 f:/embeded systems/the programming/embedded/00-tools/03-imt sdk/imt_sdk_win_64/winavr/bin/../lib/gcc/avr/4.3.3/avr5\libgcc.a(_mul_sf.o)
                0x0000043e                __mulsf3
 .text          0x00000632       0x60 f:/embeded systems/the programming/embedded/00-tools/03-imt sdk/imt_sdk_win_64/winavr/bin/../lib/gcc/avr/4.3.3/avr5\libgcc.a(_gt_sf.o)
                0x00000632                __gtsf2
 .text          0x00000692       0x60 f:/embeded systems/the programming/embedded/00-tools/03-imt sdk/imt_sdk_win_64/winavr/bin/../lib/gcc/avr/4.3.3/avr5\libgcc.a(_ge_sf.o)
                0x00000692                __gesf2
 .text          0x000006f2       0x60 f:/embeded systems/the programming/embedded/00-tools/03-imt sdk/imt_sdk_win_64/winavr/bin/../lib/gcc/avr/4.3.3/avr5\libgcc.a(_lt_sf.o)
                0x000006f2                __ltsf2
 .text          0x00000752       0xa8 f:/embeded systems/the programming/embedded/00-tools/03-imt sdk/imt_sdk_win_64/winavr/bin/../lib/gcc/avr/4.3.3/avr5\libgcc.a(_sf_to_si.o)
                0x00000752                __fixsfsi
 .text          0x000007fa        0x0 f:/embeded systems/the programming/embedded/00-tools/03-imt sdk/imt_sdk_win_64/winavr/bin/../lib/gcc/avr/4.3.3/avr5\libgcc.a(_thenan_sf.o)
 .text          0x000007fa       0xf2 f:/embeded systems/the programming/embedded/00-tools/03-imt sdk/imt_sdk_win_64/winavr/bin/../lib/gcc/avr/4.3.3/avr5\libgcc.a(_usi_to_sf.o)
                0x000007fa                __floatunsisf
 .text          0x000008ec        0x0 f:/embeded systems/the programming/embedded/00-tools/03-imt sdk/imt_sdk_win_64/winavr/bin/../lib/gcc/avr/4.3.3/avr5\libgcc.a(_prologue.o)
 .text          0x000008ec        0x0 f:/embeded systems/the programming/embedded/00-tools/03-imt sdk/imt_sdk_win_64/winavr/bin/../lib/gcc/avr/4.3.3/avr5\libgcc.a(_epilogue.o)
 .text          0x000008ec       0x9e f:/embeded systems/the programming/embedded/00-tools/03-imt sdk/imt_sdk_win_64/winavr/bin/../lib/gcc/avr/4.3.3/avr5\libgcc.a(_clzsi2.o)
                0x000008ec                __clzsi2
 .text          0x0000098a      0x1aa f:/embeded systems/the programming/embedded/00-tools/03-imt sdk/imt_sdk_win_64/winavr/bin/../lib/gcc/avr/4.3.3/avr5\libgcc.a(_pack_sf.o)
                0x0000098a                __pack_f
 .text          0x00000b34       0xf0 f:/embeded systems/the programming/embedded/00-tools/03-imt sdk/imt_sdk_win_64/winavr/bin/../lib/gcc/avr/4.3.3/avr5\libgcc.a(_unpack_sf.o)
                0x00000b34                __unpack_f
 .text          0x00000c24       0xb2 f:/embeded systems/the programming/embedded/00-tools/03-imt sdk/imt_sdk_win_64/winavr/bin/../lib/gcc/avr/4.3.3/avr5\libgcc.a(_fpcmp_parts_sf.o)
                0x00000c24                __fpcmp_parts_f
 .text          0x00000cd6        0x0 f:/embeded systems/the programming/embedded/00-tools/03-imt sdk/imt_sdk_win_64/winavr/bin/../lib/gcc/avr/4.3.3/avr5\libgcc.a(_clz.o)
                0x00000cd6                . = ALIGN (0x2)
 *(.text.*)
 .text.CLCD_voidSendCommand
                0x00000cd6      0x244 ./CLCD_programe.o
                0x00000cd6                CLCD_voidSendCommand
 .text.CLCD_voidSendData
                0x00000f1a      0x244 ./CLCD_programe.o
                0x00000f1a                CLCD_voidSendData
 .text.CLCD_voidSend_String
                0x0000115e       0x52 ./CLCD_programe.o
                0x0000115e                CLCD_voidSend_String
 .text.CLCD_voidGo_To_X_Y
                0x000011b0       0x3c ./CLCD_programe.o
                0x000011b0                CLCD_voidGo_To_X_Y
 .text.CLCD_voidDraw_Sympol
                0x000011ec       0x84 ./CLCD_programe.o
                0x000011ec                CLCD_voidDraw_Sympol
 .text.CLCD_voidClear_Display
                0x00001270      0x110 ./CLCD_programe.o
                0x00001270                CLCD_voidClear_Display
 .text.CLCD_voidInit
                0x00001380      0x212 ./CLCD_programe.o
                0x00001380                CLCD_voidInit
 .text.DIO_U8SetPinDirection
                0x00001592      0x1a2 ./DIO_program.o
                0x00001592                DIO_U8SetPinDirection
 .text.DIO_U8SetPortirection
                0x00001734       0x6e ./DIO_program.o
                0x00001734                DIO_U8SetPortirection
 .text.DIO_U8SetPinValue
                0x000017a2      0x1a2 ./DIO_program.o
                0x000017a2                DIO_U8SetPinValue
 .text.DIO_U8SetPortValue
                0x00001944       0x6e ./DIO_program.o
                0x00001944                DIO_U8SetPortValue
 .text.DIO_U8GetPinValue
                0x000019b2       0xf0 ./DIO_program.o
                0x000019b2                DIO_U8GetPinValue
 .text.delay_function
                0x00001aa2      0x11a ./NRF_programe.o
                0x00001aa2                delay_function
 .text.SPI_Initializer
                0x00001bbc       0x16 ./NRF_programe.o
                0x00001bbc                SPI_Initializer
 .text.pinout_Initializer
                0x00001bd2       0x32 ./NRF_programe.o
                0x00001bd2                pinout_Initializer
 .text.nrf24_SPI
                0x00001c04       0x30 ./NRF_programe.o
                0x00001c04                nrf24_SPI
 .text.SPI_send_command
                0x00001c34       0x2c ./NRF_programe.o
                0x00001c34                SPI_send_command
 .text.nrf24_CE
                0x00001c60       0x30 ./NRF_programe.o
                0x00001c60                nrf24_CE
 .text.nrf24_dynamic_ack
                0x00001c90       0x70 ./NRF_programe.o
                0x00001c90                nrf24_dynamic_ack
 .text.nrf24_transmit
                0x00001d00       0x76 ./NRF_programe.o
                0x00001d00                nrf24_transmit
 .text.nrf24_send_payload
                0x00001d76       0x72 ./NRF_programe.o
                0x00001d76                nrf24_send_payload
 .text.nrf24_transmit_status
                0x00001de8       0x72 ./NRF_programe.o
                0x00001de8                nrf24_transmit_status
 .text.nrf24_receive
                0x00001e5a       0xfa ./NRF_programe.o
                0x00001e5a                nrf24_receive
 .text.nrf24_flush
                0x00001f54       0x94 ./NRF_programe.o
                0x00001f54                nrf24_flush
 .text.nrf24_reset
                0x00001fe8      0x154 ./NRF_programe.o
                0x00001fe8                nrf24_reset
 .text.nrf24_device
                0x0000213c       0xf8 ./NRF_programe.o
                0x0000213c                nrf24_device
 .text.nrf24_automatic_retransmit_setup
                0x00002234       0x8a ./NRF_programe.o
                0x00002234                nrf24_automatic_retransmit_setup
 .text.nrf24_auto_acknowledgment_setup
                0x000022be       0x44 ./NRF_programe.o
                0x000022be                nrf24_auto_acknowledgment_setup
 .text.nrf24_dynamic_payload
                0x00002302       0xa4 ./NRF_programe.o
                0x00002302                nrf24_dynamic_payload
 .text.nrf24_datapipe_ptx
                0x000023a6       0x40 ./NRF_programe.o
                0x000023a6                nrf24_datapipe_ptx
 .text.nrf24_datapipe_address_configuration
                0x000023e6       0x5c ./NRF_programe.o
                0x000023e6                nrf24_datapipe_address_configuration
 .text.nrf24_prx_static_payload_width
                0x00002442       0x4c ./NRF_programe.o
                0x00002442                nrf24_prx_static_payload_width
 .text.nrf24_datapipe_enable
                0x0000248e       0x3e ./NRF_programe.o
                0x0000248e                nrf24_datapipe_enable
 .text.nrf24_address_width
                0x000024cc       0x46 ./NRF_programe.o
                0x000024cc                nrf24_address_width
 .text.nrf24_rf_datarate
                0x00002512       0x5e ./NRF_programe.o
                0x00002512                nrf24_rf_datarate
 .text.nrf24_rf_power
                0x00002570       0xba ./NRF_programe.o
                0x00002570                nrf24_rf_power
 .text.nrf24_rf_channel
                0x0000262a       0x54 ./NRF_programe.o
                0x0000262a                nrf24_rf_channel
 .text.nrf24_interrupt_mask
                0x0000267e       0x92 ./NRF_programe.o
                0x0000267e                nrf24_interrupt_mask
 .text.nrf24_crc_configuration
                0x00002710       0x70 ./NRF_programe.o
                0x00002710                nrf24_crc_configuration
 .text.nrf24_mode
                0x00002780      0x140 ./NRF_programe.o
                0x00002780                nrf24_mode
 .text.nrf24_read
                0x000028c0       0x74 ./NRF_programe.o
                0x000028c0                nrf24_read
 .text.nrf24_write
                0x00002934       0x74 ./NRF_programe.o
                0x00002934                nrf24_write
 .text.PORT_voidInit
                0x000029a8       0x38 ./PORT_Programe.o
                0x000029a8                PORT_voidInit
 .text.SPI_VoidMasterInit
                0x000029e0       0x54 ./SPI_programe.o
                0x000029e0                SPI_VoidMasterInit
 .text.SPI_VoidSlaveInit
                0x00002a34       0x2a ./SPI_programe.o
                0x00002a34                SPI_VoidSlaveInit
 .text.SPI_u8Transceive
                0x00002a5e       0x50 ./SPI_programe.o
                0x00002a5e                SPI_u8Transceive
 .text.main     0x00002aae       0x72 ./main.o
                0x00002aae                main
 .text.libgcc   0x00002b20        0x0 f:/embeded systems/the programming/embedded/00-tools/03-imt sdk/imt_sdk_win_64/winavr/bin/../lib/gcc/avr/4.3.3/avr5\libgcc.a(_exit.o)
 .text.libgcc   0x00002b20        0x0 f:/embeded systems/the programming/embedded/00-tools/03-imt sdk/imt_sdk_win_64/winavr/bin/../lib/gcc/avr/4.3.3/avr5\libgcc.a(_copy_data.o)
 .text.libgcc   0x00002b20        0x0 f:/embeded systems/the programming/embedded/00-tools/03-imt sdk/imt_sdk_win_64/winavr/bin/../lib/gcc/avr/4.3.3/avr5\libgcc.a(_clear_bss.o)
 .text.libgcc   0x00002b20       0x38 f:/embeded systems/the programming/embedded/00-tools/03-imt sdk/imt_sdk_win_64/winavr/bin/../lib/gcc/avr/4.3.3/avr5\libgcc.a(_prologue.o)
                0x00002b20                __prologue_saves__
 .text.libgcc   0x00002b58       0x36 f:/embeded systems/the programming/embedded/00-tools/03-imt sdk/imt_sdk_win_64/winavr/bin/../lib/gcc/avr/4.3.3/avr5\libgcc.a(_epilogue.o)
                0x00002b58                __epilogue_restores__
                0x00002b8e                . = ALIGN (0x2)
 *(.fini9)
 .fini9         0x00002b8e        0x0 f:/embeded systems/the programming/embedded/00-tools/03-imt sdk/imt_sdk_win_64/winavr/bin/../lib/gcc/avr/4.3.3/avr5\libgcc.a(_exit.o)
                0x00002b8e                exit
                0x00002b8e                _exit
 *(.fini9)
 *(.fini8)
 *(.fini8)
 *(.fini7)
 *(.fini7)
 *(.fini6)
 *(.fini6)
 *(.fini5)
 *(.fini5)
 *(.fini4)
 *(.fini4)
 *(.fini3)
 *(.fini3)
 *(.fini2)
 *(.fini2)
 *(.fini1)
 *(.fini1)
 *(.fini0)
 .fini0         0x00002b8e        0x4 f:/embeded systems/the programming/embedded/00-tools/03-imt sdk/imt_sdk_win_64/winavr/bin/../lib/gcc/avr/4.3.3/avr5\libgcc.a(_exit.o)
 *(.fini0)
                0x00002b92                _etext = .

.data           0x00800060      0x12a load address 0x00002b92
                0x00800060                PROVIDE (__data_start, .)
 *(.data)
 .data          0x00800060        0x0 f:/embeded systems/the programming/embedded/00-tools/03-imt sdk/imt_sdk_win_64/winavr/bin/../lib/gcc/avr/4.3.3/../../../../avr/lib/avr5/crtm16.o
 .data          0x00800060        0x0 ./CLCD_programe.o
 .data          0x00800060        0x0 ./DIO_program.o
 .data          0x00800060        0x0 ./NRF_programe.o
 .data          0x00800060        0x0 ./PORT_Programe.o
 .data          0x00800060        0x0 ./SPI_programe.o
 .data          0x00800060        0x0 ./main.o
 .data          0x00800060        0x0 f:/embeded systems/the programming/embedded/00-tools/03-imt sdk/imt_sdk_win_64/winavr/bin/../lib/gcc/avr/4.3.3/avr5\libgcc.a(_exit.o)
 .data          0x00800060        0x0 f:/embeded systems/the programming/embedded/00-tools/03-imt sdk/imt_sdk_win_64/winavr/bin/../lib/gcc/avr/4.3.3/avr5\libgcc.a(_copy_data.o)
 .data          0x00800060        0x0 f:/embeded systems/the programming/embedded/00-tools/03-imt sdk/imt_sdk_win_64/winavr/bin/../lib/gcc/avr/4.3.3/avr5\libgcc.a(_clear_bss.o)
 .data          0x00800060        0x0 f:/embeded systems/the programming/embedded/00-tools/03-imt sdk/imt_sdk_win_64/winavr/bin/../lib/gcc/avr/4.3.3/avr5\libgcc.a(_fixunssfsi.o)
 .data          0x00800060        0x0 f:/embeded systems/the programming/embedded/00-tools/03-imt sdk/imt_sdk_win_64/winavr/bin/../lib/gcc/avr/4.3.3/avr5\libgcc.a(_addsub_sf.o)
 .data          0x00800060        0x0 f:/embeded systems/the programming/embedded/00-tools/03-imt sdk/imt_sdk_win_64/winavr/bin/../lib/gcc/avr/4.3.3/avr5\libgcc.a(_mul_sf.o)
 .data          0x00800060        0x0 f:/embeded systems/the programming/embedded/00-tools/03-imt sdk/imt_sdk_win_64/winavr/bin/../lib/gcc/avr/4.3.3/avr5\libgcc.a(_gt_sf.o)
 .data          0x00800060        0x0 f:/embeded systems/the programming/embedded/00-tools/03-imt sdk/imt_sdk_win_64/winavr/bin/../lib/gcc/avr/4.3.3/avr5\libgcc.a(_ge_sf.o)
 .data          0x00800060        0x0 f:/embeded systems/the programming/embedded/00-tools/03-imt sdk/imt_sdk_win_64/winavr/bin/../lib/gcc/avr/4.3.3/avr5\libgcc.a(_lt_sf.o)
 .data          0x00800060        0x0 f:/embeded systems/the programming/embedded/00-tools/03-imt sdk/imt_sdk_win_64/winavr/bin/../lib/gcc/avr/4.3.3/avr5\libgcc.a(_sf_to_si.o)
 .data          0x00800060        0x8 f:/embeded systems/the programming/embedded/00-tools/03-imt sdk/imt_sdk_win_64/winavr/bin/../lib/gcc/avr/4.3.3/avr5\libgcc.a(_thenan_sf.o)
                0x00800060                __thenan_sf
 .data          0x00800068        0x0 f:/embeded systems/the programming/embedded/00-tools/03-imt sdk/imt_sdk_win_64/winavr/bin/../lib/gcc/avr/4.3.3/avr5\libgcc.a(_usi_to_sf.o)
 .data          0x00800068        0x0 f:/embeded systems/the programming/embedded/00-tools/03-imt sdk/imt_sdk_win_64/winavr/bin/../lib/gcc/avr/4.3.3/avr5\libgcc.a(_prologue.o)
 .data          0x00800068        0x0 f:/embeded systems/the programming/embedded/00-tools/03-imt sdk/imt_sdk_win_64/winavr/bin/../lib/gcc/avr/4.3.3/avr5\libgcc.a(_epilogue.o)
 .data          0x00800068        0x0 f:/embeded systems/the programming/embedded/00-tools/03-imt sdk/imt_sdk_win_64/winavr/bin/../lib/gcc/avr/4.3.3/avr5\libgcc.a(_clzsi2.o)
 .data          0x00800068        0x0 f:/embeded systems/the programming/embedded/00-tools/03-imt sdk/imt_sdk_win_64/winavr/bin/../lib/gcc/avr/4.3.3/avr5\libgcc.a(_pack_sf.o)
 .data          0x00800068        0x0 f:/embeded systems/the programming/embedded/00-tools/03-imt sdk/imt_sdk_win_64/winavr/bin/../lib/gcc/avr/4.3.3/avr5\libgcc.a(_unpack_sf.o)
 .data          0x00800068        0x0 f:/embeded systems/the programming/embedded/00-tools/03-imt sdk/imt_sdk_win_64/winavr/bin/../lib/gcc/avr/4.3.3/avr5\libgcc.a(_fpcmp_parts_sf.o)
 .data          0x00800068      0x100 f:/embeded systems/the programming/embedded/00-tools/03-imt sdk/imt_sdk_win_64/winavr/bin/../lib/gcc/avr/4.3.3/avr5\libgcc.a(_clz.o)
                0x00800068                __clz_tab
 *(.data*)
 .data.current_mode
                0x00800168        0x1 ./NRF_programe.o
 .data.current_acknowledgement_state
                0x00800169        0x1 ./NRF_programe.o
 .data.datapipe_address
                0x0080016a       0x1e ./NRF_programe.o
                0x0080016a                datapipe_address
 .data.ReceivedData
                0x00800188        0x1 ./main.o
                0x00800188                ReceivedData
 *(.rodata)
 *(.rodata*)
 *(.gnu.linkonce.d*)
                0x0080018a                . = ALIGN (0x2)
 *fill*         0x00800189        0x1 00
                0x0080018a                _edata = .
                0x0080018a                PROVIDE (__data_end, .)

.bss            0x0080018a        0x9
                0x0080018a                PROVIDE (__bss_start, .)
 *(.bss)
 .bss           0x0080018a        0x0 f:/embeded systems/the programming/embedded/00-tools/03-imt sdk/imt_sdk_win_64/winavr/bin/../lib/gcc/avr/4.3.3/../../../../avr/lib/avr5/crtm16.o
 .bss           0x0080018a        0x0 ./CLCD_programe.o
 .bss           0x0080018a        0x0 ./DIO_program.o
 .bss           0x0080018a        0x0 ./NRF_programe.o
 .bss           0x0080018a        0x0 ./PORT_Programe.o
 .bss           0x0080018a        0x0 ./SPI_programe.o
 .bss           0x0080018a        0x0 ./main.o
 .bss           0x0080018a        0x0 f:/embeded systems/the programming/embedded/00-tools/03-imt sdk/imt_sdk_win_64/winavr/bin/../lib/gcc/avr/4.3.3/avr5\libgcc.a(_exit.o)
 .bss           0x0080018a        0x0 f:/embeded systems/the programming/embedded/00-tools/03-imt sdk/imt_sdk_win_64/winavr/bin/../lib/gcc/avr/4.3.3/avr5\libgcc.a(_copy_data.o)
 .bss           0x0080018a        0x0 f:/embeded systems/the programming/embedded/00-tools/03-imt sdk/imt_sdk_win_64/winavr/bin/../lib/gcc/avr/4.3.3/avr5\libgcc.a(_clear_bss.o)
 .bss           0x0080018a        0x0 f:/embeded systems/the programming/embedded/00-tools/03-imt sdk/imt_sdk_win_64/winavr/bin/../lib/gcc/avr/4.3.3/avr5\libgcc.a(_fixunssfsi.o)
 .bss           0x0080018a        0x0 f:/embeded systems/the programming/embedded/00-tools/03-imt sdk/imt_sdk_win_64/winavr/bin/../lib/gcc/avr/4.3.3/avr5\libgcc.a(_addsub_sf.o)
 .bss           0x0080018a        0x0 f:/embeded systems/the programming/embedded/00-tools/03-imt sdk/imt_sdk_win_64/winavr/bin/../lib/gcc/avr/4.3.3/avr5\libgcc.a(_mul_sf.o)
 .bss           0x0080018a        0x0 f:/embeded systems/the programming/embedded/00-tools/03-imt sdk/imt_sdk_win_64/winavr/bin/../lib/gcc/avr/4.3.3/avr5\libgcc.a(_gt_sf.o)
 .bss           0x0080018a        0x0 f:/embeded systems/the programming/embedded/00-tools/03-imt sdk/imt_sdk_win_64/winavr/bin/../lib/gcc/avr/4.3.3/avr5\libgcc.a(_ge_sf.o)
 .bss           0x0080018a        0x0 f:/embeded systems/the programming/embedded/00-tools/03-imt sdk/imt_sdk_win_64/winavr/bin/../lib/gcc/avr/4.3.3/avr5\libgcc.a(_lt_sf.o)
 .bss           0x0080018a        0x0 f:/embeded systems/the programming/embedded/00-tools/03-imt sdk/imt_sdk_win_64/winavr/bin/../lib/gcc/avr/4.3.3/avr5\libgcc.a(_sf_to_si.o)
 .bss           0x0080018a        0x0 f:/embeded systems/the programming/embedded/00-tools/03-imt sdk/imt_sdk_win_64/winavr/bin/../lib/gcc/avr/4.3.3/avr5\libgcc.a(_thenan_sf.o)
 .bss           0x0080018a        0x0 f:/embeded systems/the programming/embedded/00-tools/03-imt sdk/imt_sdk_win_64/winavr/bin/../lib/gcc/avr/4.3.3/avr5\libgcc.a(_usi_to_sf.o)
 .bss           0x0080018a        0x0 f:/embeded systems/the programming/embedded/00-tools/03-imt sdk/imt_sdk_win_64/winavr/bin/../lib/gcc/avr/4.3.3/avr5\libgcc.a(_prologue.o)
 .bss           0x0080018a        0x0 f:/embeded systems/the programming/embedded/00-tools/03-imt sdk/imt_sdk_win_64/winavr/bin/../lib/gcc/avr/4.3.3/avr5\libgcc.a(_epilogue.o)
 .bss           0x0080018a        0x0 f:/embeded systems/the programming/embedded/00-tools/03-imt sdk/imt_sdk_win_64/winavr/bin/../lib/gcc/avr/4.3.3/avr5\libgcc.a(_clzsi2.o)
 .bss           0x0080018a        0x0 f:/embeded systems/the programming/embedded/00-tools/03-imt sdk/imt_sdk_win_64/winavr/bin/../lib/gcc/avr/4.3.3/avr5\libgcc.a(_pack_sf.o)
 .bss           0x0080018a        0x0 f:/embeded systems/the programming/embedded/00-tools/03-imt sdk/imt_sdk_win_64/winavr/bin/../lib/gcc/avr/4.3.3/avr5\libgcc.a(_unpack_sf.o)
 .bss           0x0080018a        0x0 f:/embeded systems/the programming/embedded/00-tools/03-imt sdk/imt_sdk_win_64/winavr/bin/../lib/gcc/avr/4.3.3/avr5\libgcc.a(_fpcmp_parts_sf.o)
 .bss           0x0080018a        0x0 f:/embeded systems/the programming/embedded/00-tools/03-imt sdk/imt_sdk_win_64/winavr/bin/../lib/gcc/avr/4.3.3/avr5\libgcc.a(_clz.o)
 *(.bss*)
 .bss.reset_flag
                0x0080018a        0x1 ./NRF_programe.o
 .bss.dynamic_payload
                0x0080018b        0x1 ./NRF_programe.o
 .bss.SPI_command
                0x0080018c        0x1 ./NRF_programe.o
 .bss.register_current_value
                0x0080018d        0x1 ./NRF_programe.o
 .bss.register_new_value
                0x0080018e        0x1 ./NRF_programe.o
 .bss.write_pointer
                0x0080018f        0x1 ./NRF_programe.o
 .bss.current_address_width
                0x00800190        0x1 ./NRF_programe.o
 .bss.current_payload_width
                0x00800191        0x1 ./NRF_programe.o
 .bss.c         0x00800192        0x1 ./main.o
                0x00800192                c
 *(COMMON)
                0x00800193                PROVIDE (__bss_end, .)
                0x00002b92                __data_load_start = LOADADDR (.data)
                0x00002cbc                __data_load_end = (__data_load_start + SIZEOF (.data))

.noinit         0x00800193        0x0
                0x00800193                PROVIDE (__noinit_start, .)
 *(.noinit*)
                0x00800193                PROVIDE (__noinit_end, .)
                0x00800193                _end = .
                0x00800193                PROVIDE (__heap_start, .)

.eeprom         0x00810000        0x0
 *(.eeprom*)
                0x00810000                __eeprom_end = .

.fuse
 *(.fuse)
 *(.lfuse)
 *(.hfuse)
 *(.efuse)

.lock
 *(.lock*)

.signature
 *(.signature*)

.stab           0x00000000     0x2cdc
 *(.stab)
 .stab          0x00000000      0xbd0 ./CLCD_programe.o
 .stab          0x00000bd0      0x594 ./DIO_program.o
                                0x60c (size before relaxing)
 .stab          0x00001164     0x15f0 ./NRF_programe.o
                               0x17e8 (size before relaxing)
 .stab          0x00002754      0x150 ./PORT_Programe.o
                                0x1c8 (size before relaxing)
 .stab          0x000028a4      0x234 ./SPI_programe.o
                                0x2ac (size before relaxing)
 .stab          0x00002ad8      0x204 ./main.o
                                0x45c (size before relaxing)

.stabstr        0x00000000     0x1546
 *(.stabstr)
 .stabstr       0x00000000     0x1546 ./CLCD_programe.o

.stab.excl
 *(.stab.excl)

.stab.exclstr
 *(.stab.exclstr)

.stab.index
 *(.stab.index)

.stab.indexstr
 *(.stab.indexstr)

.comment
 *(.comment)

.debug
 *(.debug)

.line
 *(.line)

.debug_srcinfo
 *(.debug_srcinfo)

.debug_sfnames
 *(.debug_sfnames)

.debug_aranges  0x00000000      0x180
 *(.debug_aranges)
 .debug_aranges
                0x00000000       0x20 f:/embeded systems/the programming/embedded/00-tools/03-imt sdk/imt_sdk_win_64/winavr/bin/../lib/gcc/avr/4.3.3/avr5\libgcc.a(_fixunssfsi.o)
 .debug_aranges
                0x00000020       0x20 f:/embeded systems/the programming/embedded/00-tools/03-imt sdk/imt_sdk_win_64/winavr/bin/../lib/gcc/avr/4.3.3/avr5\libgcc.a(_addsub_sf.o)
 .debug_aranges
                0x00000040       0x20 f:/embeded systems/the programming/embedded/00-tools/03-imt sdk/imt_sdk_win_64/winavr/bin/../lib/gcc/avr/4.3.3/avr5\libgcc.a(_mul_sf.o)
 .debug_aranges
                0x00000060       0x20 f:/embeded systems/the programming/embedded/00-tools/03-imt sdk/imt_sdk_win_64/winavr/bin/../lib/gcc/avr/4.3.3/avr5\libgcc.a(_gt_sf.o)
 .debug_aranges
                0x00000080       0x20 f:/embeded systems/the programming/embedded/00-tools/03-imt sdk/imt_sdk_win_64/winavr/bin/../lib/gcc/avr/4.3.3/avr5\libgcc.a(_ge_sf.o)
 .debug_aranges
                0x000000a0       0x20 f:/embeded systems/the programming/embedded/00-tools/03-imt sdk/imt_sdk_win_64/winavr/bin/../lib/gcc/avr/4.3.3/avr5\libgcc.a(_lt_sf.o)
 .debug_aranges
                0x000000c0       0x20 f:/embeded systems/the programming/embedded/00-tools/03-imt sdk/imt_sdk_win_64/winavr/bin/../lib/gcc/avr/4.3.3/avr5\libgcc.a(_sf_to_si.o)
 .debug_aranges
                0x000000e0       0x20 f:/embeded systems/the programming/embedded/00-tools/03-imt sdk/imt_sdk_win_64/winavr/bin/../lib/gcc/avr/4.3.3/avr5\libgcc.a(_usi_to_sf.o)
 .debug_aranges
                0x00000100       0x20 f:/embeded systems/the programming/embedded/00-tools/03-imt sdk/imt_sdk_win_64/winavr/bin/../lib/gcc/avr/4.3.3/avr5\libgcc.a(_clzsi2.o)
 .debug_aranges
                0x00000120       0x20 f:/embeded systems/the programming/embedded/00-tools/03-imt sdk/imt_sdk_win_64/winavr/bin/../lib/gcc/avr/4.3.3/avr5\libgcc.a(_pack_sf.o)
 .debug_aranges
                0x00000140       0x20 f:/embeded systems/the programming/embedded/00-tools/03-imt sdk/imt_sdk_win_64/winavr/bin/../lib/gcc/avr/4.3.3/avr5\libgcc.a(_unpack_sf.o)
 .debug_aranges
                0x00000160       0x20 f:/embeded systems/the programming/embedded/00-tools/03-imt sdk/imt_sdk_win_64/winavr/bin/../lib/gcc/avr/4.3.3/avr5\libgcc.a(_fpcmp_parts_sf.o)

.debug_pubnames
                0x00000000      0x1d3
 *(.debug_pubnames)
 .debug_pubnames
                0x00000000       0x23 f:/embeded systems/the programming/embedded/00-tools/03-imt sdk/imt_sdk_win_64/winavr/bin/../lib/gcc/avr/4.3.3/avr5\libgcc.a(_fixunssfsi.o)
 .debug_pubnames
                0x00000023       0x2c f:/embeded systems/the programming/embedded/00-tools/03-imt sdk/imt_sdk_win_64/winavr/bin/../lib/gcc/avr/4.3.3/avr5\libgcc.a(_addsub_sf.o)
 .debug_pubnames
                0x0000004f       0x1f f:/embeded systems/the programming/embedded/00-tools/03-imt sdk/imt_sdk_win_64/winavr/bin/../lib/gcc/avr/4.3.3/avr5\libgcc.a(_mul_sf.o)
 .debug_pubnames
                0x0000006e       0x1e f:/embeded systems/the programming/embedded/00-tools/03-imt sdk/imt_sdk_win_64/winavr/bin/../lib/gcc/avr/4.3.3/avr5\libgcc.a(_gt_sf.o)
 .debug_pubnames
                0x0000008c       0x1e f:/embeded systems/the programming/embedded/00-tools/03-imt sdk/imt_sdk_win_64/winavr/bin/../lib/gcc/avr/4.3.3/avr5\libgcc.a(_ge_sf.o)
 .debug_pubnames
                0x000000aa       0x1e f:/embeded systems/the programming/embedded/00-tools/03-imt sdk/imt_sdk_win_64/winavr/bin/../lib/gcc/avr/4.3.3/avr5\libgcc.a(_lt_sf.o)
 .debug_pubnames
                0x000000c8       0x20 f:/embeded systems/the programming/embedded/00-tools/03-imt sdk/imt_sdk_win_64/winavr/bin/../lib/gcc/avr/4.3.3/avr5\libgcc.a(_sf_to_si.o)
 .debug_pubnames
                0x000000e8       0x22 f:/embeded systems/the programming/embedded/00-tools/03-imt sdk/imt_sdk_win_64/winavr/bin/../lib/gcc/avr/4.3.3/avr5\libgcc.a(_thenan_sf.o)
 .debug_pubnames
                0x0000010a       0x24 f:/embeded systems/the programming/embedded/00-tools/03-imt sdk/imt_sdk_win_64/winavr/bin/../lib/gcc/avr/4.3.3/avr5\libgcc.a(_usi_to_sf.o)
 .debug_pubnames
                0x0000012e       0x1f f:/embeded systems/the programming/embedded/00-tools/03-imt sdk/imt_sdk_win_64/winavr/bin/../lib/gcc/avr/4.3.3/avr5\libgcc.a(_clzsi2.o)
 .debug_pubnames
                0x0000014d       0x1f f:/embeded systems/the programming/embedded/00-tools/03-imt sdk/imt_sdk_win_64/winavr/bin/../lib/gcc/avr/4.3.3/avr5\libgcc.a(_pack_sf.o)
 .debug_pubnames
                0x0000016c       0x21 f:/embeded systems/the programming/embedded/00-tools/03-imt sdk/imt_sdk_win_64/winavr/bin/../lib/gcc/avr/4.3.3/avr5\libgcc.a(_unpack_sf.o)
 .debug_pubnames
                0x0000018d       0x26 f:/embeded systems/the programming/embedded/00-tools/03-imt sdk/imt_sdk_win_64/winavr/bin/../lib/gcc/avr/4.3.3/avr5\libgcc.a(_fpcmp_parts_sf.o)
 .debug_pubnames
                0x000001b3       0x20 f:/embeded systems/the programming/embedded/00-tools/03-imt sdk/imt_sdk_win_64/winavr/bin/../lib/gcc/avr/4.3.3/avr5\libgcc.a(_clz.o)

.debug_info     0x00000000     0x200f
 *(.debug_info)
 .debug_info    0x00000000       0xb1 f:/embeded systems/the programming/embedded/00-tools/03-imt sdk/imt_sdk_win_64/winavr/bin/../lib/gcc/avr/4.3.3/avr5\libgcc.a(_fixunssfsi.o)
 .debug_info    0x000000b1      0x47a f:/embeded systems/the programming/embedded/00-tools/03-imt sdk/imt_sdk_win_64/winavr/bin/../lib/gcc/avr/4.3.3/avr5\libgcc.a(_addsub_sf.o)
 .debug_info    0x0000052b      0x485 f:/embeded systems/the programming/embedded/00-tools/03-imt sdk/imt_sdk_win_64/winavr/bin/../lib/gcc/avr/4.3.3/avr5\libgcc.a(_mul_sf.o)
 .debug_info    0x000009b0      0x27f f:/embeded systems/the programming/embedded/00-tools/03-imt sdk/imt_sdk_win_64/winavr/bin/../lib/gcc/avr/4.3.3/avr5\libgcc.a(_gt_sf.o)
 .debug_info    0x00000c2f      0x27f f:/embeded systems/the programming/embedded/00-tools/03-imt sdk/imt_sdk_win_64/winavr/bin/../lib/gcc/avr/4.3.3/avr5\libgcc.a(_ge_sf.o)
 .debug_info    0x00000eae      0x27f f:/embeded systems/the programming/embedded/00-tools/03-imt sdk/imt_sdk_win_64/winavr/bin/../lib/gcc/avr/4.3.3/avr5\libgcc.a(_lt_sf.o)
 .debug_info    0x0000112d      0x2b0 f:/embeded systems/the programming/embedded/00-tools/03-imt sdk/imt_sdk_win_64/winavr/bin/../lib/gcc/avr/4.3.3/avr5\libgcc.a(_sf_to_si.o)
 .debug_info    0x000013dd      0x12c f:/embeded systems/the programming/embedded/00-tools/03-imt sdk/imt_sdk_win_64/winavr/bin/../lib/gcc/avr/4.3.3/avr5\libgcc.a(_thenan_sf.o)
 .debug_info    0x00001509      0x206 f:/embeded systems/the programming/embedded/00-tools/03-imt sdk/imt_sdk_win_64/winavr/bin/../lib/gcc/avr/4.3.3/avr5\libgcc.a(_usi_to_sf.o)
 .debug_info    0x0000170f      0x117 f:/embeded systems/the programming/embedded/00-tools/03-imt sdk/imt_sdk_win_64/winavr/bin/../lib/gcc/avr/4.3.3/avr5\libgcc.a(_clzsi2.o)
 .debug_info    0x00001826      0x2df f:/embeded systems/the programming/embedded/00-tools/03-imt sdk/imt_sdk_win_64/winavr/bin/../lib/gcc/avr/4.3.3/avr5\libgcc.a(_pack_sf.o)
 .debug_info    0x00001b05      0x251 f:/embeded systems/the programming/embedded/00-tools/03-imt sdk/imt_sdk_win_64/winavr/bin/../lib/gcc/avr/4.3.3/avr5\libgcc.a(_unpack_sf.o)
 .debug_info    0x00001d56      0x210 f:/embeded systems/the programming/embedded/00-tools/03-imt sdk/imt_sdk_win_64/winavr/bin/../lib/gcc/avr/4.3.3/avr5\libgcc.a(_fpcmp_parts_sf.o)
 .debug_info    0x00001f66       0xa9 f:/embeded systems/the programming/embedded/00-tools/03-imt sdk/imt_sdk_win_64/winavr/bin/../lib/gcc/avr/4.3.3/avr5\libgcc.a(_clz.o)
 *(.gnu.linkonce.wi.*)

.debug_abbrev   0x00000000     0x1170
 *(.debug_abbrev)
 .debug_abbrev  0x00000000       0x5d f:/embeded systems/the programming/embedded/00-tools/03-imt sdk/imt_sdk_win_64/winavr/bin/../lib/gcc/avr/4.3.3/avr5\libgcc.a(_fixunssfsi.o)
 .debug_abbrev  0x0000005d      0x1ea f:/embeded systems/the programming/embedded/00-tools/03-imt sdk/imt_sdk_win_64/winavr/bin/../lib/gcc/avr/4.3.3/avr5\libgcc.a(_addsub_sf.o)
 .debug_abbrev  0x00000247      0x21b f:/embeded systems/the programming/embedded/00-tools/03-imt sdk/imt_sdk_win_64/winavr/bin/../lib/gcc/avr/4.3.3/avr5\libgcc.a(_mul_sf.o)
 .debug_abbrev  0x00000462      0x15a f:/embeded systems/the programming/embedded/00-tools/03-imt sdk/imt_sdk_win_64/winavr/bin/../lib/gcc/avr/4.3.3/avr5\libgcc.a(_gt_sf.o)
 .debug_abbrev  0x000005bc      0x15a f:/embeded systems/the programming/embedded/00-tools/03-imt sdk/imt_sdk_win_64/winavr/bin/../lib/gcc/avr/4.3.3/avr5\libgcc.a(_ge_sf.o)
 .debug_abbrev  0x00000716      0x15a f:/embeded systems/the programming/embedded/00-tools/03-imt sdk/imt_sdk_win_64/winavr/bin/../lib/gcc/avr/4.3.3/avr5\libgcc.a(_lt_sf.o)
 .debug_abbrev  0x00000870      0x17f f:/embeded systems/the programming/embedded/00-tools/03-imt sdk/imt_sdk_win_64/winavr/bin/../lib/gcc/avr/4.3.3/avr5\libgcc.a(_sf_to_si.o)
 .debug_abbrev  0x000009ef       0xad f:/embeded systems/the programming/embedded/00-tools/03-imt sdk/imt_sdk_win_64/winavr/bin/../lib/gcc/avr/4.3.3/avr5\libgcc.a(_thenan_sf.o)
 .debug_abbrev  0x00000a9c      0x157 f:/embeded systems/the programming/embedded/00-tools/03-imt sdk/imt_sdk_win_64/winavr/bin/../lib/gcc/avr/4.3.3/avr5\libgcc.a(_usi_to_sf.o)
 .debug_abbrev  0x00000bf3       0xc4 f:/embeded systems/the programming/embedded/00-tools/03-imt sdk/imt_sdk_win_64/winavr/bin/../lib/gcc/avr/4.3.3/avr5\libgcc.a(_clzsi2.o)
 .debug_abbrev  0x00000cb7      0x1c0 f:/embeded systems/the programming/embedded/00-tools/03-imt sdk/imt_sdk_win_64/winavr/bin/../lib/gcc/avr/4.3.3/avr5\libgcc.a(_pack_sf.o)
 .debug_abbrev  0x00000e77      0x154 f:/embeded systems/the programming/embedded/00-tools/03-imt sdk/imt_sdk_win_64/winavr/bin/../lib/gcc/avr/4.3.3/avr5\libgcc.a(_unpack_sf.o)
 .debug_abbrev  0x00000fcb      0x13b f:/embeded systems/the programming/embedded/00-tools/03-imt sdk/imt_sdk_win_64/winavr/bin/../lib/gcc/avr/4.3.3/avr5\libgcc.a(_fpcmp_parts_sf.o)
 .debug_abbrev  0x00001106       0x6a f:/embeded systems/the programming/embedded/00-tools/03-imt sdk/imt_sdk_win_64/winavr/bin/../lib/gcc/avr/4.3.3/avr5\libgcc.a(_clz.o)

.debug_line     0x00000000     0x1001
 *(.debug_line)
 .debug_line    0x00000000       0xa7 f:/embeded systems/the programming/embedded/00-tools/03-imt sdk/imt_sdk_win_64/winavr/bin/../lib/gcc/avr/4.3.3/avr5\libgcc.a(_fixunssfsi.o)
 .debug_line    0x000000a7      0x2af f:/embeded systems/the programming/embedded/00-tools/03-imt sdk/imt_sdk_win_64/winavr/bin/../lib/gcc/avr/4.3.3/avr5\libgcc.a(_addsub_sf.o)
 .debug_line    0x00000356      0x239 f:/embeded systems/the programming/embedded/00-tools/03-imt sdk/imt_sdk_win_64/winavr/bin/../lib/gcc/avr/4.3.3/avr5\libgcc.a(_mul_sf.o)
 .debug_line    0x0000058f       0xd3 f:/embeded systems/the programming/embedded/00-tools/03-imt sdk/imt_sdk_win_64/winavr/bin/../lib/gcc/avr/4.3.3/avr5\libgcc.a(_gt_sf.o)
 .debug_line    0x00000662       0xd3 f:/embeded systems/the programming/embedded/00-tools/03-imt sdk/imt_sdk_win_64/winavr/bin/../lib/gcc/avr/4.3.3/avr5\libgcc.a(_ge_sf.o)
 .debug_line    0x00000735       0xd3 f:/embeded systems/the programming/embedded/00-tools/03-imt sdk/imt_sdk_win_64/winavr/bin/../lib/gcc/avr/4.3.3/avr5\libgcc.a(_lt_sf.o)
 .debug_line    0x00000808      0x109 f:/embeded systems/the programming/embedded/00-tools/03-imt sdk/imt_sdk_win_64/winavr/bin/../lib/gcc/avr/4.3.3/avr5\libgcc.a(_sf_to_si.o)
 .debug_line    0x00000911       0x90 f:/embeded systems/the programming/embedded/00-tools/03-imt sdk/imt_sdk_win_64/winavr/bin/../lib/gcc/avr/4.3.3/avr5\libgcc.a(_thenan_sf.o)
 .debug_line    0x000009a1      0x133 f:/embeded systems/the programming/embedded/00-tools/03-imt sdk/imt_sdk_win_64/winavr/bin/../lib/gcc/avr/4.3.3/avr5\libgcc.a(_usi_to_sf.o)
 .debug_line    0x00000ad4       0xa5 f:/embeded systems/the programming/embedded/00-tools/03-imt sdk/imt_sdk_win_64/winavr/bin/../lib/gcc/avr/4.3.3/avr5\libgcc.a(_clzsi2.o)
 .debug_line    0x00000b79      0x18a f:/embeded systems/the programming/embedded/00-tools/03-imt sdk/imt_sdk_win_64/winavr/bin/../lib/gcc/avr/4.3.3/avr5\libgcc.a(_pack_sf.o)
 .debug_line    0x00000d03      0x14b f:/embeded systems/the programming/embedded/00-tools/03-imt sdk/imt_sdk_win_64/winavr/bin/../lib/gcc/avr/4.3.3/avr5\libgcc.a(_unpack_sf.o)
 .debug_line    0x00000e4e      0x137 f:/embeded systems/the programming/embedded/00-tools/03-imt sdk/imt_sdk_win_64/winavr/bin/../lib/gcc/avr/4.3.3/avr5\libgcc.a(_fpcmp_parts_sf.o)
 .debug_line    0x00000f85       0x7c f:/embeded systems/the programming/embedded/00-tools/03-imt sdk/imt_sdk_win_64/winavr/bin/../lib/gcc/avr/4.3.3/avr5\libgcc.a(_clz.o)

.debug_frame    0x00000000      0x1a0
 *(.debug_frame)
 .debug_frame   0x00000000       0x20 f:/embeded systems/the programming/embedded/00-tools/03-imt sdk/imt_sdk_win_64/winavr/bin/../lib/gcc/avr/4.3.3/avr5\libgcc.a(_fixunssfsi.o)
 .debug_frame   0x00000020       0x40 f:/embeded systems/the programming/embedded/00-tools/03-imt sdk/imt_sdk_win_64/winavr/bin/../lib/gcc/avr/4.3.3/avr5\libgcc.a(_addsub_sf.o)
 .debug_frame   0x00000060       0x20 f:/embeded systems/the programming/embedded/00-tools/03-imt sdk/imt_sdk_win_64/winavr/bin/../lib/gcc/avr/4.3.3/avr5\libgcc.a(_mul_sf.o)
 .debug_frame   0x00000080       0x20 f:/embeded systems/the programming/embedded/00-tools/03-imt sdk/imt_sdk_win_64/winavr/bin/../lib/gcc/avr/4.3.3/avr5\libgcc.a(_gt_sf.o)
 .debug_frame   0x000000a0       0x20 f:/embeded systems/the programming/embedded/00-tools/03-imt sdk/imt_sdk_win_64/winavr/bin/../lib/gcc/avr/4.3.3/avr5\libgcc.a(_ge_sf.o)
 .debug_frame   0x000000c0       0x20 f:/embeded systems/the programming/embedded/00-tools/03-imt sdk/imt_sdk_win_64/winavr/bin/../lib/gcc/avr/4.3.3/avr5\libgcc.a(_lt_sf.o)
 .debug_frame   0x000000e0       0x20 f:/embeded systems/the programming/embedded/00-tools/03-imt sdk/imt_sdk_win_64/winavr/bin/../lib/gcc/avr/4.3.3/avr5\libgcc.a(_sf_to_si.o)
 .debug_frame   0x00000100       0x20 f:/embeded systems/the programming/embedded/00-tools/03-imt sdk/imt_sdk_win_64/winavr/bin/../lib/gcc/avr/4.3.3/avr5\libgcc.a(_usi_to_sf.o)
 .debug_frame   0x00000120       0x20 f:/embeded systems/the programming/embedded/00-tools/03-imt sdk/imt_sdk_win_64/winavr/bin/../lib/gcc/avr/4.3.3/avr5\libgcc.a(_clzsi2.o)
 .debug_frame   0x00000140       0x20 f:/embeded systems/the programming/embedded/00-tools/03-imt sdk/imt_sdk_win_64/winavr/bin/../lib/gcc/avr/4.3.3/avr5\libgcc.a(_pack_sf.o)
 .debug_frame   0x00000160       0x20 f:/embeded systems/the programming/embedded/00-tools/03-imt sdk/imt_sdk_win_64/winavr/bin/../lib/gcc/avr/4.3.3/avr5\libgcc.a(_unpack_sf.o)
 .debug_frame   0x00000180       0x20 f:/embeded systems/the programming/embedded/00-tools/03-imt sdk/imt_sdk_win_64/winavr/bin/../lib/gcc/avr/4.3.3/avr5\libgcc.a(_fpcmp_parts_sf.o)

.debug_str      0x00000000      0x2c1
 *(.debug_str)
 .debug_str     0x00000000       0xbf f:/embeded systems/the programming/embedded/00-tools/03-imt sdk/imt_sdk_win_64/winavr/bin/../lib/gcc/avr/4.3.3/avr5\libgcc.a(_fixunssfsi.o)
                                 0xfe (size before relaxing)
 .debug_str     0x000000bf      0x14d f:/embeded systems/the programming/embedded/00-tools/03-imt sdk/imt_sdk_win_64/winavr/bin/../lib/gcc/avr/4.3.3/avr5\libgcc.a(_addsub_sf.o)
                                0x206 (size before relaxing)
 .debug_str     0x0000020c       0x27 f:/embeded systems/the programming/embedded/00-tools/03-imt sdk/imt_sdk_win_64/winavr/bin/../lib/gcc/avr/4.3.3/avr5\libgcc.a(_mul_sf.o)
                                0x1bf (size before relaxing)
 .debug_str     0x00000233        0x8 f:/embeded systems/the programming/embedded/00-tools/03-imt sdk/imt_sdk_win_64/winavr/bin/../lib/gcc/avr/4.3.3/avr5\libgcc.a(_gt_sf.o)
                                0x195 (size before relaxing)
 .debug_str     0x0000023b        0x8 f:/embeded systems/the programming/embedded/00-tools/03-imt sdk/imt_sdk_win_64/winavr/bin/../lib/gcc/avr/4.3.3/avr5\libgcc.a(_ge_sf.o)
                                0x195 (size before relaxing)
 .debug_str     0x00000243        0x8 f:/embeded systems/the programming/embedded/00-tools/03-imt sdk/imt_sdk_win_64/winavr/bin/../lib/gcc/avr/4.3.3/avr5\libgcc.a(_lt_sf.o)
                                0x195 (size before relaxing)
 .debug_str     0x0000024b        0xa f:/embeded systems/the programming/embedded/00-tools/03-imt sdk/imt_sdk_win_64/winavr/bin/../lib/gcc/avr/4.3.3/avr5\libgcc.a(_sf_to_si.o)
                                0x19e (size before relaxing)
 .debug_str     0x00000000      0x103 f:/embeded systems/the programming/embedded/00-tools/03-imt sdk/imt_sdk_win_64/winavr/bin/../lib/gcc/avr/4.3.3/avr5\libgcc.a(_thenan_sf.o)
 .debug_str     0x00000255       0x21 f:/embeded systems/the programming/embedded/00-tools/03-imt sdk/imt_sdk_win_64/winavr/bin/../lib/gcc/avr/4.3.3/avr5\libgcc.a(_usi_to_sf.o)
                                0x177 (size before relaxing)
 .debug_str     0x00000276       0x20 f:/embeded systems/the programming/embedded/00-tools/03-imt sdk/imt_sdk_win_64/winavr/bin/../lib/gcc/avr/4.3.3/avr5\libgcc.a(_clzsi2.o)
                                0x111 (size before relaxing)
 .debug_str     0x00000296       0x10 f:/embeded systems/the programming/embedded/00-tools/03-imt sdk/imt_sdk_win_64/winavr/bin/../lib/gcc/avr/4.3.3/avr5\libgcc.a(_pack_sf.o)
                                0x19d (size before relaxing)
 .debug_str     0x000002a6        0xb f:/embeded systems/the programming/embedded/00-tools/03-imt sdk/imt_sdk_win_64/winavr/bin/../lib/gcc/avr/4.3.3/avr5\libgcc.a(_unpack_sf.o)
                                0x17f (size before relaxing)
 .debug_str     0x000002b1       0x10 f:/embeded systems/the programming/embedded/00-tools/03-imt sdk/imt_sdk_win_64/winavr/bin/../lib/gcc/avr/4.3.3/avr5\libgcc.a(_fpcmp_parts_sf.o)
                                0x163 (size before relaxing)
 .debug_str     0x00000000       0xf4 f:/embeded systems/the programming/embedded/00-tools/03-imt sdk/imt_sdk_win_64/winavr/bin/../lib/gcc/avr/4.3.3/avr5\libgcc.a(_clz.o)

.debug_loc      0x00000000      0x8ae
 *(.debug_loc)
 .debug_loc     0x00000000       0x34 f:/embeded systems/the programming/embedded/00-tools/03-imt sdk/imt_sdk_win_64/winavr/bin/../lib/gcc/avr/4.3.3/avr5\libgcc.a(_fixunssfsi.o)
 .debug_loc     0x00000034      0x32a f:/embeded systems/the programming/embedded/00-tools/03-imt sdk/imt_sdk_win_64/winavr/bin/../lib/gcc/avr/4.3.3/avr5\libgcc.a(_addsub_sf.o)
 .debug_loc     0x0000035e      0x104 f:/embeded systems/the programming/embedded/00-tools/03-imt sdk/imt_sdk_win_64/winavr/bin/../lib/gcc/avr/4.3.3/avr5\libgcc.a(_mul_sf.o)
 .debug_loc     0x00000462       0x3c f:/embeded systems/the programming/embedded/00-tools/03-imt sdk/imt_sdk_win_64/winavr/bin/../lib/gcc/avr/4.3.3/avr5\libgcc.a(_gt_sf.o)
 .debug_loc     0x0000049e       0x3c f:/embeded systems/the programming/embedded/00-tools/03-imt sdk/imt_sdk_win_64/winavr/bin/../lib/gcc/avr/4.3.3/avr5\libgcc.a(_ge_sf.o)
 .debug_loc     0x000004da       0x3c f:/embeded systems/the programming/embedded/00-tools/03-imt sdk/imt_sdk_win_64/winavr/bin/../lib/gcc/avr/4.3.3/avr5\libgcc.a(_lt_sf.o)
 .debug_loc     0x00000516       0x7e f:/embeded systems/the programming/embedded/00-tools/03-imt sdk/imt_sdk_win_64/winavr/bin/../lib/gcc/avr/4.3.3/avr5\libgcc.a(_sf_to_si.o)
 .debug_loc     0x00000594       0x4c f:/embeded systems/the programming/embedded/00-tools/03-imt sdk/imt_sdk_win_64/winavr/bin/../lib/gcc/avr/4.3.3/avr5\libgcc.a(_usi_to_sf.o)
 .debug_loc     0x000005e0       0x94 f:/embeded systems/the programming/embedded/00-tools/03-imt sdk/imt_sdk_win_64/winavr/bin/../lib/gcc/avr/4.3.3/avr5\libgcc.a(_clzsi2.o)
 .debug_loc     0x00000674      0x13e f:/embeded systems/the programming/embedded/00-tools/03-imt sdk/imt_sdk_win_64/winavr/bin/../lib/gcc/avr/4.3.3/avr5\libgcc.a(_pack_sf.o)
 .debug_loc     0x000007b2       0xac f:/embeded systems/the programming/embedded/00-tools/03-imt sdk/imt_sdk_win_64/winavr/bin/../lib/gcc/avr/4.3.3/avr5\libgcc.a(_unpack_sf.o)
 .debug_loc     0x0000085e       0x50 f:/embeded systems/the programming/embedded/00-tools/03-imt sdk/imt_sdk_win_64/winavr/bin/../lib/gcc/avr/4.3.3/avr5\libgcc.a(_fpcmp_parts_sf.o)

.debug_macinfo
 *(.debug_macinfo)
OUTPUT(NRF_2_RX.elf elf32-avr)
LOAD linker stubs

.debug_ranges   0x00000000       0x50
 .debug_ranges  0x00000000       0x50 f:/embeded systems/the programming/embedded/00-tools/03-imt sdk/imt_sdk_win_64/winavr/bin/../lib/gcc/avr/4.3.3/avr5\libgcc.a(_mul_sf.o)
