Archive member included because of file (symbol)

f:/embeded systems/the programming/embedded/00-tools/03-imt sdk/imt_sdk_win_64/winavr/bin/../lib/gcc/avr/4.3.3/avr5\libgcc.a(_exit.o)
                              f:/embeded systems/the programming/embedded/00-tools/03-imt sdk/imt_sdk_win_64/winavr/bin/../lib/gcc/avr/4.3.3/../../../../avr/lib/avr5/crtm328p.o (exit)
f:/embeded systems/the programming/embedded/00-tools/03-imt sdk/imt_sdk_win_64/winavr/bin/../lib/gcc/avr/4.3.3/avr5\libgcc.a(_clear_bss.o)
                              ./EXTI_program.o (__do_clear_bss)

Memory Configuration

Name             Origin             Length             Attributes
text             0x00000000         0x00020000         xr
data             0x00800060         0x0000ffa0         rw !x
eeprom           0x00810000         0x00010000         rw !x
fuse             0x00820000         0x00000400         rw !x
lock             0x00830000         0x00000400         rw !x
signature        0x00840000         0x00000400         rw !x
*default*        0x00000000         0xffffffff

Linker script and memory map

Address of section .data set to 0x800100
LOAD f:/embeded systems/the programming/embedded/00-tools/03-imt sdk/imt_sdk_win_64/winavr/bin/../lib/gcc/avr/4.3.3/../../../../avr/lib/avr5/crtm328p.o
LOAD ./DIO_program.o
LOAD ./EXTI_program.o
LOAD ./GIE_progarm.o
LOAD ./PORT_program.o
LOAD ./main.o
LOAD f:/embeded systems/the programming/embedded/00-tools/03-imt sdk/imt_sdk_win_64/winavr/bin/../lib/gcc/avr/4.3.3/avr5\libgcc.a
LOAD f:/embeded systems/the programming/embedded/00-tools/03-imt sdk/imt_sdk_win_64/winavr/bin/../lib/gcc/avr/4.3.3/../../../../avr/lib/avr5\libc.a
LOAD f:/embeded systems/the programming/embedded/00-tools/03-imt sdk/imt_sdk_win_64/winavr/bin/../lib/gcc/avr/4.3.3/avr5\libgcc.a

.hash
 *(.hash)

.dynsym
 *(.dynsym)

.dynstr
 *(.dynstr)

.gnu.version
 *(.gnu.version)

.gnu.version_d
 *(.gnu.version_d)

.gnu.version_r
 *(.gnu.version_r)

.rel.init
 *(.rel.init)

.rela.init
 *(.rela.init)

.rel.text
 *(.rel.text)
 *(.rel.text.*)
 *(.rel.gnu.linkonce.t*)

.rela.text
 *(.rela.text)
 *(.rela.text.*)
 *(.rela.gnu.linkonce.t*)

.rel.fini
 *(.rel.fini)

.rela.fini
 *(.rela.fini)

.rel.rodata
 *(.rel.rodata)
 *(.rel.rodata.*)
 *(.rel.gnu.linkonce.r*)

.rela.rodata
 *(.rela.rodata)
 *(.rela.rodata.*)
 *(.rela.gnu.linkonce.r*)

.rel.data
 *(.rel.data)
 *(.rel.data.*)
 *(.rel.gnu.linkonce.d*)

.rela.data
 *(.rela.data)
 *(.rela.data.*)
 *(.rela.gnu.linkonce.d*)

.rel.ctors
 *(.rel.ctors)

.rela.ctors
 *(.rela.ctors)

.rel.dtors
 *(.rel.dtors)

.rela.dtors
 *(.rela.dtors)

.rel.got
 *(.rel.got)

.rela.got
 *(.rela.got)

.rel.bss
 *(.rel.bss)

.rela.bss
 *(.rela.bss)

.rel.plt
 *(.rel.plt)

.rela.plt
 *(.rela.plt)

.text           0x00000000      0x9e6
 *(.vectors)
 .vectors       0x00000000       0x68 f:/embeded systems/the programming/embedded/00-tools/03-imt sdk/imt_sdk_win_64/winavr/bin/../lib/gcc/avr/4.3.3/../../../../avr/lib/avr5/crtm328p.o
                0x00000000                __vectors
                0x00000000                __vector_default
 *(.vectors)
 *(.progmem.gcc*)
 *(.progmem*)
                0x00000068                . = ALIGN (0x2)
                0x00000068                __trampolines_start = .
 *(.trampolines)
 .trampolines   0x00000068        0x0 linker stubs
 *(.trampolines*)
                0x00000068                __trampolines_end = .
 *(.jumptables)
 *(.jumptables*)
 *(.lowtext)
 *(.lowtext*)
                0x00000068                __ctors_start = .
 *(.ctors)
                0x00000068                __ctors_end = .
                0x00000068                __dtors_start = .
 *(.dtors)
                0x00000068                __dtors_end = .
 SORT(*)(.ctors)
 SORT(*)(.dtors)
 *(.init0)
 .init0         0x00000068        0x0 f:/embeded systems/the programming/embedded/00-tools/03-imt sdk/imt_sdk_win_64/winavr/bin/../lib/gcc/avr/4.3.3/../../../../avr/lib/avr5/crtm328p.o
                0x00000068                __init
 *(.init0)
 *(.init1)
 *(.init1)
 *(.init2)
 .init2         0x00000068        0xc f:/embeded systems/the programming/embedded/00-tools/03-imt sdk/imt_sdk_win_64/winavr/bin/../lib/gcc/avr/4.3.3/../../../../avr/lib/avr5/crtm328p.o
 *(.init2)
 *(.init3)
 *(.init3)
 *(.init4)
 .init4         0x00000074       0x10 f:/embeded systems/the programming/embedded/00-tools/03-imt sdk/imt_sdk_win_64/winavr/bin/../lib/gcc/avr/4.3.3/avr5\libgcc.a(_clear_bss.o)
                0x00000074                __do_clear_bss
 *(.init4)
 *(.init5)
 *(.init5)
 *(.init6)
 *(.init6)
 *(.init7)
 *(.init7)
 *(.init8)
 *(.init8)
 *(.init9)
 .init9         0x00000084        0x8 f:/embeded systems/the programming/embedded/00-tools/03-imt sdk/imt_sdk_win_64/winavr/bin/../lib/gcc/avr/4.3.3/../../../../avr/lib/avr5/crtm328p.o
 *(.init9)
 *(.text)
 .text          0x0000008c        0x4 f:/embeded systems/the programming/embedded/00-tools/03-imt sdk/imt_sdk_win_64/winavr/bin/../lib/gcc/avr/4.3.3/../../../../avr/lib/avr5/crtm328p.o
                0x0000008c                __vector_22
                0x0000008c                __vector_24
                0x0000008c                __vector_12
                0x0000008c                __bad_interrupt
                0x0000008c                __vector_6
                0x0000008c                __vector_3
                0x0000008c                __vector_23
                0x0000008c                __vector_25
                0x0000008c                __vector_11
                0x0000008c                __vector_13
                0x0000008c                __vector_17
                0x0000008c                __vector_19
                0x0000008c                __vector_7
                0x0000008c                __vector_5
                0x0000008c                __vector_4
                0x0000008c                __vector_9
                0x0000008c                __vector_21
                0x0000008c                __vector_15
                0x0000008c                __vector_8
                0x0000008c                __vector_14
                0x0000008c                __vector_10
                0x0000008c                __vector_16
                0x0000008c                __vector_18
                0x0000008c                __vector_20
 .text          0x00000090        0x0 ./DIO_program.o
 .text          0x00000090        0x0 ./EXTI_program.o
 .text          0x00000090        0x0 ./GIE_progarm.o
 .text          0x00000090        0x0 ./PORT_program.o
 .text          0x00000090        0x0 ./main.o
 .text          0x00000090        0x0 f:/embeded systems/the programming/embedded/00-tools/03-imt sdk/imt_sdk_win_64/winavr/bin/../lib/gcc/avr/4.3.3/avr5\libgcc.a(_exit.o)
 .text          0x00000090        0x0 f:/embeded systems/the programming/embedded/00-tools/03-imt sdk/imt_sdk_win_64/winavr/bin/../lib/gcc/avr/4.3.3/avr5\libgcc.a(_clear_bss.o)
                0x00000090                . = ALIGN (0x2)
 *(.text.*)
 .text.DIO_u8SetPinDirection
                0x00000090      0x1a2 ./DIO_program.o
                0x00000090                DIO_u8SetPinDirection
 .text.DIO_u8SetPortDirection
                0x00000232       0x6e ./DIO_program.o
                0x00000232                DIO_u8SetPortDirection
 .text.DIO_u8SetPinValue
                0x000002a0      0x1a2 ./DIO_program.o
                0x000002a0                DIO_u8SetPinValue
 .text.DIO_u8SetPortValue
                0x00000442       0x6e ./DIO_program.o
                0x00000442                DIO_u8SetPortValue
 .text.DIO_u8GetPinValue
                0x000004b0       0xf0 ./DIO_program.o
                0x000004b0                DIO_u8GetPinValue
 .text.EXTI_voidInt0Init
                0x000005a0       0x38 ./EXTI_program.o
                0x000005a0                EXTI_voidInt0Init
 .text.EXTI_voidInt1Init
                0x000005d8       0x38 ./EXTI_program.o
                0x000005d8                EXTI_voidInt1Init
 .text.EXTI_u8Int0SetSenseControl
                0x00000610       0xae ./EXTI_program.o
                0x00000610                EXTI_u8Int0SetSenseControl
 .text.EXTI_u8Int1SetSenseControl
                0x000006be       0xae ./EXTI_program.o
                0x000006be                EXTI_u8Int1SetSenseControl
 .text.EXTI_u8IntEnable
                0x0000076c       0x4a ./EXTI_program.o
                0x0000076c                EXTI_u8IntEnable
 .text.EXTI_u8IntDisable
                0x000007b6       0x4a ./EXTI_program.o
                0x000007b6                EXTI_u8IntDisable
 .text.EXTI_u8IntSetCallBack
                0x00000800       0x60 ./EXTI_program.o
                0x00000800                EXTI_u8IntSetCallBack
 .text.__vector_1
                0x00000860       0x66 ./EXTI_program.o
                0x00000860                __vector_1
 .text.__vector_2
                0x000008c6       0x66 ./EXTI_program.o
                0x000008c6                __vector_2
 .text.GIE_voidEnable
                0x0000092c       0x1c ./GIE_progarm.o
                0x0000092c                GIE_voidEnable
 .text.GIE_voidDisable
                0x00000948       0x1c ./GIE_progarm.o
                0x00000948                GIE_voidDisable
 .text.PORT_voidInit
                0x00000964       0x3c ./PORT_program.o
                0x00000964                PORT_voidInit
 .text.main     0x000009a0       0x2a ./main.o
                0x000009a0                main
 .text.INT1_ISR
                0x000009ca       0x18 ./main.o
                0x000009ca                INT1_ISR
 .text.libgcc   0x000009e2        0x0 f:/embeded systems/the programming/embedded/00-tools/03-imt sdk/imt_sdk_win_64/winavr/bin/../lib/gcc/avr/4.3.3/avr5\libgcc.a(_exit.o)
 .text.libgcc   0x000009e2        0x0 f:/embeded systems/the programming/embedded/00-tools/03-imt sdk/imt_sdk_win_64/winavr/bin/../lib/gcc/avr/4.3.3/avr5\libgcc.a(_clear_bss.o)
                0x000009e2                . = ALIGN (0x2)
 *(.fini9)
 .fini9         0x000009e2        0x0 f:/embeded systems/the programming/embedded/00-tools/03-imt sdk/imt_sdk_win_64/winavr/bin/../lib/gcc/avr/4.3.3/avr5\libgcc.a(_exit.o)
                0x000009e2                exit
                0x000009e2                _exit
 *(.fini9)
 *(.fini8)
 *(.fini8)
 *(.fini7)
 *(.fini7)
 *(.fini6)
 *(.fini6)
 *(.fini5)
 *(.fini5)
 *(.fini4)
 *(.fini4)
 *(.fini3)
 *(.fini3)
 *(.fini2)
 *(.fini2)
 *(.fini1)
 *(.fini1)
 *(.fini0)
 .fini0         0x000009e2        0x4 f:/embeded systems/the programming/embedded/00-tools/03-imt sdk/imt_sdk_win_64/winavr/bin/../lib/gcc/avr/4.3.3/avr5\libgcc.a(_exit.o)
 *(.fini0)
                0x000009e6                _etext = .

.data           0x00800100        0x0 load address 0x000009e6
                0x00800100                PROVIDE (__data_start, .)
 *(.data)
 .data          0x00800100        0x0 f:/embeded systems/the programming/embedded/00-tools/03-imt sdk/imt_sdk_win_64/winavr/bin/../lib/gcc/avr/4.3.3/../../../../avr/lib/avr5/crtm328p.o
 .data          0x00800100        0x0 ./DIO_program.o
 .data          0x00800100        0x0 ./EXTI_program.o
 .data          0x00800100        0x0 ./GIE_progarm.o
 .data          0x00800100        0x0 ./PORT_program.o
 .data          0x00800100        0x0 ./main.o
 .data          0x00800100        0x0 f:/embeded systems/the programming/embedded/00-tools/03-imt sdk/imt_sdk_win_64/winavr/bin/../lib/gcc/avr/4.3.3/avr5\libgcc.a(_exit.o)
 .data          0x00800100        0x0 f:/embeded systems/the programming/embedded/00-tools/03-imt sdk/imt_sdk_win_64/winavr/bin/../lib/gcc/avr/4.3.3/avr5\libgcc.a(_clear_bss.o)
 *(.data*)
 *(.rodata)
 *(.rodata*)
 *(.gnu.linkonce.d*)
                0x00800100                . = ALIGN (0x2)
                0x00800100                _edata = .
                0x00800100                PROVIDE (__data_end, .)

.bss            0x00800100        0x4
                0x00800100                PROVIDE (__bss_start, .)
 *(.bss)
 .bss           0x00800100        0x0 f:/embeded systems/the programming/embedded/00-tools/03-imt sdk/imt_sdk_win_64/winavr/bin/../lib/gcc/avr/4.3.3/../../../../avr/lib/avr5/crtm328p.o
 .bss           0x00800100        0x0 ./DIO_program.o
 .bss           0x00800100        0x0 ./EXTI_program.o
 .bss           0x00800100        0x0 ./GIE_progarm.o
 .bss           0x00800100        0x0 ./PORT_program.o
 .bss           0x00800100        0x0 ./main.o
 .bss           0x00800100        0x0 f:/embeded systems/the programming/embedded/00-tools/03-imt sdk/imt_sdk_win_64/winavr/bin/../lib/gcc/avr/4.3.3/avr5\libgcc.a(_exit.o)
 .bss           0x00800100        0x0 f:/embeded systems/the programming/embedded/00-tools/03-imt sdk/imt_sdk_win_64/winavr/bin/../lib/gcc/avr/4.3.3/avr5\libgcc.a(_clear_bss.o)
 *(.bss*)
 .bss.EXTI_pvInt0Func
                0x00800100        0x2 ./EXTI_program.o
                0x00800100                EXTI_pvInt0Func
 .bss.EXTI_pvInt1Func
                0x00800102        0x2 ./EXTI_program.o
                0x00800102                EXTI_pvInt1Func
 *(COMMON)
                0x00800104                PROVIDE (__bss_end, .)
                0x000009e6                __data_load_start = LOADADDR (.data)
                0x000009e6                __data_load_end = (__data_load_start + SIZEOF (.data))

.noinit         0x00800104        0x0
                0x00800104                PROVIDE (__noinit_start, .)
 *(.noinit*)
                0x00800104                PROVIDE (__noinit_end, .)
                0x00800104                _end = .
                0x00800104                PROVIDE (__heap_start, .)

.eeprom         0x00810000        0x0
 *(.eeprom*)
                0x00810000                __eeprom_end = .

.fuse
 *(.fuse)
 *(.lfuse)
 *(.hfuse)
 *(.efuse)

.lock
 *(.lock*)

.signature
 *(.signature*)

.stab           0x00000000      0xff0
 *(.stab)
 .stab          0x00000000      0x60c ./DIO_program.o
 .stab          0x0000060c      0x5e8 ./EXTI_program.o
                                0x660 (size before relaxing)
 .stab          0x00000bf4      0x144 ./GIE_progarm.o
                                0x1bc (size before relaxing)
 .stab          0x00000d38      0x150 ./PORT_program.o
                                0x1c8 (size before relaxing)
 .stab          0x00000e88      0x168 ./main.o
                                0x1e0 (size before relaxing)

.stabstr        0x00000000      0x5fc
 *(.stabstr)
 .stabstr       0x00000000      0x5fc ./DIO_program.o

.stab.excl
 *(.stab.excl)

.stab.exclstr
 *(.stab.exclstr)

.stab.index
 *(.stab.index)

.stab.indexstr
 *(.stab.indexstr)

.comment
 *(.comment)

.debug
 *(.debug)

.line
 *(.line)

.debug_srcinfo
 *(.debug_srcinfo)

.debug_sfnames
 *(.debug_sfnames)

.debug_aranges
 *(.debug_aranges)

.debug_pubnames
 *(.debug_pubnames)

.debug_info
 *(.debug_info)
 *(.gnu.linkonce.wi.*)

.debug_abbrev
 *(.debug_abbrev)

.debug_line
 *(.debug_line)

.debug_frame
 *(.debug_frame)

.debug_str
 *(.debug_str)

.debug_loc
 *(.debug_loc)

.debug_macinfo
 *(.debug_macinfo)
OUTPUT(EXTI.elf elf32-avr)
LOAD linker stubs
